// Jest Snapshot v1, https://goo.gl/fbAQLP

exports[`<NumberInput/> Render number input 1`] = `
<div
  class="col-sm-12 offset-lg-1 col-lg-10"
>
  <div
    class="form-group"
  >
    <label
      for="1"
    >
      Test label
    </label>
    <div
      class="input-group"
    >
      <input
        class="form-control"
        id="1"
        type="number"
        value="1"
      />
      <div
        class="input-group-append"
      >
        <button
          aria-label="Increase"
          class="btn btn-outline-secondary"
          type="button"
        >
          <i
            class="fas fa-plus"
          />
        </button>
        <button
          aria-label="Decrease"
          class="btn btn-outline-secondary"
          type="button"
        >
          <i
            class="fas fa-minus"
          />
        </button>
      </div>
    </div>
    <small
      class="form-text text-muted"
    >
      Some help text
    </small>
  </div>
</div>
`;
