// Jest Snapshot v1, https://goo.gl/fbAQLP

exports[`<PasswordInput/> Render password input 1`] = `
<div
  class="form-group"
>
  <label
    for="1"
  >
    Test label
  </label>
  <div
    class="input-group"
  >
    <input
      autocomplete="new-password"
      class="form-control"
      id="1"
      type="password"
      value="Some password"
    />
  </div>
  <small
    class="form-text text-muted"
  >
    Some help text
  </small>
</div>
`;
