// Jest Snapshot v1, https://goo.gl/fbAQLP

exports[`<TextInput/> Render text input 1`] = `
<div
  class="form-group"
>
  <label
    for="1"
  >
    Test label
  </label>
  <div
    class="input-group"
  >
    <input
      class="form-control"
      id="1"
      type="text"
      value="Some text"
    />
  </div>
  <small
    class="form-text text-muted"
  >
    Some help text
  </small>
</div>
`;
